../Core/Src/main.c:198:5:main	16	static
../Core/Src/main.c:288:6:SystemClock_Config	72	static
../Core/Src/main.c:328:13:MX_I2C1_Init	8	static
../Core/Src/main.c:362:13:MX_TIM1_Init	32	static
../Core/Src/main.c:408:13:MX_TIM2_Init	32	static
../Core/Src/main.c:453:13:MX_TIM3_Init	32	static
../Core/Src/main.c:498:13:MX_GPIO_Init	40	static
../Core/Src/main.c:532:6:HAL_TIM_PeriodElapsedCallback	24	static
../Core/Src/main.c:700:9:MPU6050_Init	32	static
../Core/Src/main.c:738:6:MPU6050_ReadAccelRaw	24	static
../Core/Src/main.c:751:6:MPU6050_ConvertRawToGravityConstantValues	8	static
../Core/Src/main.c:759:6:MPU6050_GetAccelData	8	static
../Core/Src/main.c:765:6:MPU6050_ReadGyroRaw	24	static
../Core/Src/main.c:775:6:MPU6050_ConvertRawToDegPerSecValues	8	static
../Core/Src/main.c:782:6:MPU6050_GetGyroData	8	static
../Core/Src/main.c:790:6:MPU6050_GyroInitializationCalibration	16	static
../Core/Src/main.c:816:6:microDelay	16	static
../Core/Src/main.c:830:6:Error_Handler	4	static,ignoring_inline_asm
