../Core/Src/main.c:192:5:main	16	static
../Core/Src/main.c:282:6:SystemClock_Config	72	static
../Core/Src/main.c:322:13:MX_I2C1_Init	8	static
../Core/Src/main.c:356:13:MX_TIM1_Init	32	static
../Core/Src/main.c:402:13:MX_TIM2_Init	32	static
../Core/Src/main.c:447:13:MX_TIM3_Init	32	static
../Core/Src/main.c:492:13:MX_GPIO_Init	40	static
../Core/Src/main.c:526:6:HAL_TIM_PeriodElapsedCallback	24	static
../Core/Src/main.c:694:9:MPU6050_Init	32	static
../Core/Src/main.c:732:6:MPU6050_ReadAccelRaw	24	static
../Core/Src/main.c:745:6:MPU6050_ConvertRawToGravityConstantValues	8	static
../Core/Src/main.c:753:6:MPU6050_GetAccelData	8	static
../Core/Src/main.c:759:6:MPU6050_ReadGyroRaw	24	static
../Core/Src/main.c:769:6:MPU6050_ConvertRawToDegPerSecValues	8	static
../Core/Src/main.c:776:6:MPU6050_GetGyroData	8	static
../Core/Src/main.c:784:6:MPU6050_GyroInitializationCalibration	16	static
../Core/Src/main.c:810:6:microDelay	16	static
../Core/Src/main.c:824:6:Error_Handler	4	static,ignoring_inline_asm
